// Jest Snapshot v1, https://goo.gl/fbAQLP

exports[`DownArrow snapshot test 1`] = `
<div
  className="down-arrow css-class"
>
  <span
    dangerouslySetInnerHTML={
      Object {
        "__html": "test-file-stub",
      }
    }
  />
</div>
`;
