// Jest Snapshot v1, https://goo.gl/fbAQLP

exports[`Loader snapshot test 1`] = `
<div
  className="loader"
>
  <div
    className="ball"
  />
  <div
    className="ball"
  />
  <div
    className="ball"
  />
</div>
`;
